Bienvenido al programa principal de Mercado FINGer. Por favor ingrese su comando:
1> Fecha creada en forma exitosa.
2> Producto creado en forma exitosa.
3> ID: 70
4> Producto: 70
productoprivado1
Precio: 20
Ingresado el: 1/1/2021
5> Producto liberado en forma exitosa.
6> Fin.
